{
  "Middlewares": [
    {
      "MessageType": "SimpleMessage",
      "QueueName": "TestQueueName",
      "MiddlewareChain": [
        "InspectableMiddleware`1[SimpleMessage]",
        "HandlerInvocationMiddleware`1[JustSaying.TestingFramework.SimpleMessage]"
      ]
    }
  ]
}