{
  "Groups": [
    {
      "Name": "queueA",
      "ConcurrencyLimit": 1,
      "Multiplexer": {
        "ChannelCapacity": 30,
        "ReaderCount": 1
      },
      "ReceiveBuffers": [
        {
          "BufferSize": 20,
          "QueueName": "EC159934-A30E-45B0-9186-78853F7D3BED",
          "Region": "fake-region",
          "Prefetch": 5
        }
      ]
    },
    {
      "Name": "queueB",
      "ConcurrencyLimit": 8,
      "Multiplexer": {
        "ChannelCapacity": 100,
        "ReaderCount": 1
      },
      "ReceiveBuffers": [
        {
          "BufferSize": 10,
          "QueueName": "C7506B3F-81DA-4898-82A5-C0293523592A",
          "Region": "fake-region",
          "Prefetch": 10
        }
      ]
    }
  ]
}