{
  "Region": "eu-west-1",
  "Middleware": {
    "Middlewares": [
      {
        "MessageType": "SimpleMessage",
        "QueueName": "integrationTestQueueName",
        "MiddlewareChain": [
          "MessageContextAccessorMiddleware",
          "ErrorHandlerMiddleware",
          "LoggingMiddleware",
          "StopwatchMiddleware",
          "SqsPostProcessorMiddleware",
          "HandlerInvocationMiddleware`1"
        ]
      }
    ]
  },
  "PublishedMessageTypes": [],
  "SubscriptionGroups": {
    "Groups": [
      {
        "Name": "integrationTestQueueName",
        "ConcurrencyLimit": 10,
        "Multiplexer": {
          "ChannelCapacity": 100,
          "ReaderCount": 1
        },
        "ReceiveBuffers": [
          {
            "BufferSize": 10,
            "QueueName": "integrationTestQueueName",
            "Region": "eu-west-1",
            "Prefetch": 10
          }
        ]
      }
    ]
  }
}

{
  "Region": "eu-west-1",
  "Middleware": {
    "Middlewares": []
  },
  "PublishedMessageTypes": [
    "SimpleMessage"
  ],
  "SubscriptionGroups": null
}